// Jest Snapshot v1, https://goo.gl/fbAQLP

exports[`Rocket page renders correctly 1`] = `
<div>
  <div
    style={
      Object {
        "alignItems": "center",
        "display": "flex",
        "height": "100vh",
        "justifyContent": "center",
        "paddingBottom": "20%",
        "width": "100%",
      }
    }
  >
    <div
      className="spinner-border text-warning"
      role="status"
    >
      <span
        className="sr-only"
      />
    </div>
  </div>
</div>
`;
